// Vitest Snapshot v1, https://vitest.dev/guide/snapshot.html

exports[`GlassCard > renders consistently 1`] = `
<div
  class="rounded-3xl border shadow-soft backdrop-blur-xl bg-white/8 border-white/15 relative overflow-hidden before:pointer-events-none before:absolute before:inset-0 before:rounded-3xl before:border before:border-white/30 after:pointer-events-none after:absolute after:inset-0 after:rounded-3xl after:shadow-[inset_0_0_0_1px_rgba(0,0,0,0.15)]"
>
  hello
</div>
`;
